rahnelak1@WKMZTC9E35BB git % git init
Initialized empty Git repository in /Users/rahnelak1/Downloads/git/.git/
rahnelak1@WKMZTC9E35BB git % git remote add origin https://github.com/Rahul27n/Git_Test.git
rahnelak1@WKMZTC9E35BB git % git status
On branch main

No commits yet

Untracked files:
  (use "git add <file>..." to include in what will be committed)
        .DS_Store
        git-and-github.pptx
        lab-manual-git-and-github.txt

nothing added to commit but untracked files present (use "git add" to track)
rahnelak1@WKMZTC9E35BB git % git add *
rahnelak1@WKMZTC9E35BB git % git status
On branch main

No commits yet

Changes to be committed:
  (use "git rm --cached <file>..." to unstage)
        new file:   git-and-github.pptx
        new file:   lab-manual-git-and-github.txt

Untracked files:
  (use "git add <file>..." to include in what will be committed)
        .DS_Store

rahnelak1@WKMZTC9E35BB git % git commit -m "First Commit"
[main (root-commit) 39cc723] First Commit
 2 files changed, 121 insertions(+)
 create mode 100644 git-and-github.pptx
 create mode 100644 lab-manual-git-and-github.txt
rahnelak1@WKMZTC9E35BB git % git status
On branch main
Untracked files:
  (use "git add <file>..." to include in what will be committed)
        .DS_Store

nothing added to commit but untracked files present (use "git add" to track)
rahnelak1@WKMZTC9E35BB git % git add .DS_Store
rahnelak1@WKMZTC9E35BB git % git status       
On branch main
Changes to be committed:
  (use "git restore --staged <file>..." to unstage)
        new file:   .DS_Store

rahnelak1@WKMZTC9E35BB git % git commit -m "Second Commit"
[main fa9bf82] Second Commit
 1 file changed, 0 insertions(+), 0 deletions(-)
 create mode 100644 .DS_Store
rahnelak1@WKMZTC9E35BB git % git status                   
On branch main
nothing to commit, working tree clean
rahnelak1@WKMZTC9E35BB git % git remote add origin https://github.com/Rahul27n/Git_Test.git
git branch -M main
git push -u origin main
error: remote origin already exists.
Enumerating objects: 7, done.
Counting objects: 100% (7/7), done.
Delta compression using up to 12 threads
Compressing objects: 100% (7/7), done.
Writing objects: 100% (7/7), 151.63 KiB | 18.95 MiB/s, done.
Total 7 (delta 3), reused 0 (delta 0), pack-reused 0
remote: Resolving deltas: 100% (3/3), done.
To https://github.com/Rahul27n/Git_Test.git
 * [new branch]      main -> main
branch 'main' set up to track 'origin/main'.
rahnelak1@WKMZTC9E35BB git % git status                                                    
On branch main
Your branch is up to date with 'origin/main'.

Untracked files:
  (use "git add <file>..." to include in what will be committed)
        test = 'trial'.py

nothing added to commit but untracked files present (use "git add" to track)
rahnelak1@WKMZTC9E35BB git % git add trial.py                                              
fatal: pathspec 'trial.py' did not match any files
rahnelak1@WKMZTC9E35BB git % git add test.py 
rahnelak1@WKMZTC9E35BB git % git status      
On branch main
Your branch is up to date with 'origin/main'.

Changes to be committed:
  (use "git restore --staged <file>..." to unstage)
        new file:   test.py

Untracked files:
  (use "git add <file>..." to include in what will be committed)
        test = 'trial'.py

rahnelak1@WKMZTC9E35BB git % git status
On branch main
Your branch is up to date with 'origin/main'.

Changes to be committed:
  (use "git restore --staged <file>..." to unstage)
        new file:   test.py

rahnelak1@WKMZTC9E35BB git % git commit -m Third Commit"                                   
dquote> 
rahnelak1@WKMZTC9E35BB git % git commit -m "Third Commit"
[main 640447a] Third Commit
 1 file changed, 1 insertion(+)
 create mode 100644 test.py
rahnelak1@WKMZTC9E35BB git % git branch -M main
rahnelak1@WKMZTC9E35BB git % git push -u origin main
Enumerating objects: 4, done.
Counting objects: 100% (4/4), done.
Delta compression using up to 12 threads
Compressing objects: 100% (2/2), done.
Writing objects: 100% (3/3), 291 bytes | 291.00 KiB/s, done.
Total 3 (delta 1), reused 0 (delta 0), pack-reused 0
remote: Resolving deltas: 100% (1/1), completed with 1 local object.
To https://github.com/Rahul27n/Git_Test.git
   fa9bf82..640447a  main -> main
branch 'main' set up to track 'origin/main'.
rahnelak1@WKMZTC9E35BB git % git status                  
On branch main
Your branch is up to date with 'origin/main'.

Changes not staged for commit:
  (use "git add <file>..." to update what will be committed)
  (use "git restore <file>..." to discard changes in working directory)
        modified:   test.py

no changes added to commit (use "git add" and/or "git commit -a")
rahnelak1@WKMZTC9E35BB git % git add test.py        
rahnelak1@WKMZTC9E35BB git % git status     
On branch main
Your branch is up to date with 'origin/main'.

Changes to be committed:
  (use "git restore --staged <file>..." to unstage)
        modified:   test.py

rahnelak1@WKMZTC9E35BB git % git commit -m "Fourth Commit"
[main 024de05] Fourth Commit
 1 file changed, 3 insertions(+), 1 deletion(-)
rahnelak1@WKMZTC9E35BB git % git push -u origin main      
Enumerating objects: 5, done.
Counting objects: 100% (5/5), done.
Delta compression using up to 12 threads
Compressing objects: 100% (2/2), done.
Writing objects: 100% (3/3), 309 bytes | 309.00 KiB/s, done.
Total 3 (delta 1), reused 0 (delta 0), pack-reused 0
remote: Resolving deltas: 100% (1/1), completed with 1 local object.
To https://github.com/Rahul27n/Git_Test.git
   640447a..024de05  main -> main
branch 'main' set up to track 'origin/main'.
rahnelak1@WKMZTC9E35BB git % 